// Jest Snapshot v1, https://goo.gl/fbAQLP

exports[`Icon 组件测试 快照测试 1`] = `
<svg
  className="ice-icon"
>
  <use
    xlinkHref="#tiger"
  />
</svg>
`;
