// Jest Snapshot v1, https://goo.gl/fbAQLP

exports[`Button 组件测试 快照检测 1`] = `
<div>
  Button
</div>
`;
